// Jest Snapshot v1, https://goo.gl/fbAQLP

exports[`UserScreen should match snapshot 1`] = `
<RCTSafeAreaView
  style={
    {
      "backgroundColor": "#f5f5f5",
      "flex": 1,
      "justifyContent": "center",
      "paddingHorizontal": 20,
    }
  }
>
  <View
    style={
      {
        "backgroundColor": "#ffffff",
        "borderRadius": 10,
        "elevation": 5,
        "padding": 20,
        "shadowColor": "#000",
        "shadowOffset": {
          "height": 2,
          "width": 0,
        },
        "shadowOpacity": 0.25,
        "shadowRadius": 3.84,
      }
    }
  >
    <Image
      source={
        {
          "uri": "https://source.unsplash.com/random?wallpapers",
        }
      }
      style={
        {
          "alignSelf": "center",
          "height": 250,
          "marginBottom": 15,
          "width": "100%",
        }
      }
    />
    <View>
      <View
        style={
          {
            "justifyContent": "space-between",
            "marginBottom": 10,
          }
        }
      >
        <Text
          style={
            {
              "fontSize": 16,
              "fontWeight": "bold",
            }
          }
        />
        <Text
          style={
            {
              "fontSize": 16,
            }
          }
        >
           
        </Text>
      </View>
      <View
        style={
          {
            "justifyContent": "space-between",
            "marginBottom": 10,
          }
        }
      >
        <Text
          style={
            {
              "fontSize": 16,
              "fontWeight": "bold",
            }
          }
        />
        <Text
          style={
            {
              "fontSize": 16,
            }
          }
        />
      </View>
    </View>
    <View
      style={
        {
          "marginTop": 15,
        }
      }
    >
      <View
        accessibilityState={
          {
            "busy": undefined,
            "checked": undefined,
            "disabled": undefined,
            "expanded": undefined,
            "selected": undefined,
          }
        }
        accessibilityValue={
          {
            "max": undefined,
            "min": undefined,
            "now": undefined,
            "text": undefined,
          }
        }
        accessible={true}
        collapsable={false}
        focusable={true}
        onClick={[Function]}
        onResponderGrant={[Function]}
        onResponderMove={[Function]}
        onResponderRelease={[Function]}
        onResponderTerminate={[Function]}
        onResponderTerminationRequest={[Function]}
        onStartShouldSetResponder={[Function]}
        style={
          {
            "backgroundColor": "#0095fb",
            "borderRadius": 4,
            "marginTop": 10,
            "opacity": 1,
            "padding": 14,
          }
        }
      >
        <Text
          style={
            {
              "color": "#fff",
              "fontSize": 16,
              "fontWeight": "700",
              "textAlign": "center",
            }
          }
        />
      </View>
    </View>
  </View>
</RCTSafeAreaView>
`;
